1. Не указано имя сегмента:      SEGMENT
2.    :                                        ORG 100H
3. 0100:  8AFA                    MOV      CH,CL
4. 0102:  C7C03930          MOV      AX, 12345
5. Неизвестная команда (инструкция):      MOD      CL,0FFH
6. 0106:  8BFC                    MOV      SI,AX
7. 0108:  88900F               MOV      [BX+SI+0FH],DL
8. 010B:  C7C51701          MOV      BP,OFFSET A
9. Несоответствие типов и/или количества операндов:      MOV      BX,OFFSET
10. Между операндами отсутствует запятая:      MOV      DL
11. 010F:  8B807B               MOV      AX,[BX+SI+123]
12. 0112:  889A4A               MOV      [BP+SI+4AH],BL
13. Неизвестная команда (инструкция):      ADD      AL,58
14. Неизвестная команда (инструкция):      S:    ADD      BX,AX
15. Неизвестная команда (инструкция):      Js       Q
16. Неизвестная команда (инструкция):      ADD      CL,DL
17. Неизвестная команда (инструкция):      ADD      AL,[BP+SI+0EFFH]
18. Неизвестная команда (инструкция):      ADD      [BP+DI+3EAFH],CL
19. Неизвестная команда (инструкция):      S:    ADD      SI,[BX+DI+0CH]
20. Неизвестная команда (инструкция):      SHR      AX
21. 0115:  CD20                    INT 20H
22. 0117:  5088                    A   DB       80 , 88h
23. 0119:  380AFF00          B   DW       0A38H, 0FFH
24. Имя сегмента при его закрытии указано неправильно:      Program   ENDS
25. Нет директивы закрытия сегмента:   END
25.    :                                        END
